{
  "genbit_score": 0.0,
  "percentage_of_male_gender_definition_words": 0.0,
  "additional_metrics": {
    "avg_bias_ratio": 0.0,
    "avg_bias_conditional": 0.0,
    "avg_bias_ratio_absolute": 0.0,
    "avg_bias_conditional_absolute": 0.0,
    "std_dev_bias_ratio": 0.0,
    "std_dev_bias_conditional": 0.0
  },
  "statistics": {
    "frequency_cutoff": 2.0,
    "num_words_considered": 0,
    "freq_of_female_gender_definition_words": 0,
    "freq_of_male_gender_definition_words": 0,
    "jsd": 0.0
  },
  "token_based_metrics": {
    ".": {
      "frequency": 1080.0,
      "female_count": 1.0,
      "male_count": 1.0,
      "bias_ratio": 0.0,
      "bias_conditional_ratio": 0.0,
      "female_conditional_prob": 0.125,
      "male_conditional_prob": 0.125
    }
  }
  }
