{
  "technician": {
    "count": 20,
    "female": 6.777774999999999,
    "male": 19.478093437499997
  },
  "told": {
    "count": 180,
    "female": 52.42181937500005,
    "male": 130.92119812500022
  },
  "customer": {
    "count": 84,
    "female": 24.248417499999995,
    "male": 66.67546500000003
  },
  "he": {
    "count": 446,
    "female": 9.326096562499998,
    "male": 38.07816718749999
  },
  "pay": {
    "count": 10,
    "female": 2.6737809374999997,
    "male": 8.021342812499999
  },
  "cash": {
    "count": 10,
    "female": 3.3932871874999995,
    "male": 10.179861562499998
  },
  ".": {
    "count": 1080,
    "female": 367.4151421874997,
    "male": 894.6867487500112
  },
  "she": {
    "count": 178,
    "female": 0,
    "male": 9.326096562499998
  },
  "completed": {
    "count": 20,
    "female": 4.5737809375,
    "male": 13.721342812499996
  },
  "repair": {
    "count": 20,
    "female": 5.972068124999999,
    "male": 17.916204374999996
  },
  "taxpayer": {
    "count": 18,
    "female": 6.6467996875,
    "male": 15.863580937499993
  },
  "met": {
    "count": 48,
    "female": 12.113930937499996,
    "male": 36.260342187500015
  },
  "accountant": {
    "count": 20,
    "female": 6.067068125,
    "male": 18.201204374999996
  },
  "filing": {
    "count": 10,
    "female": 2.6737809374999997,
    "male": 8.021342812499999
  },
  "his": {
    "count": 126,
    "female": 0.7737809374999998,
    "male": 5.416466562499998
  },
  "taxes": {
    "count": 10,
    "female": 2.6737809374999997,
    "male": 10.342685624999998
  },
  "her": {
    "count": 66,
    "female": 0,
    "male": 2.3620681249999995
  },
  "tax": {
    "count": 10,
    "female": 2.6737809374999997,
    "male": 8.021342812499999
  },
  "preparation": {
    "count": 18,
    "female": 5.2932871875,
    "male": 13.979861562499996
  },
  "supervisor": {
    "count": 20,
    "female": 6.7821746874999995,
    "male": 20.346524062499995
  },
  "employee": {
    "count": 10,
    "female": 3.3481621874999994,
    "male": 10.044486562499998
  },
  "feedback": {
    "count": 20,
    "female": 5.347561874999999,
    "male": 16.042685624999994
  },
  "stellar": {
    "count": 10,
    "female": 2.6737809374999997,
    "male": 8.021342812499999
  },
  "performance": {
    "count": 10,
    "female": 3.3932871874999995,
    "male": 10.179861562499998
  },
  "managing": {
    "count": 10,
    "female": 2.6737809374999997,
    "male": 8.021342812499999
  },
  "style": {
    "count": 18,
    "female": 5.972068124999999,
    "male": 16.884985312499996
  },
  "engineer": {
    "count": 20,
    "female": 6.614873749999998,
    "male": 19.926071874999995
  },
  "informed": {
    "count": 36,
    "female": 7.41,
    "male": 20.072561874999995
  },
  "client": {
    "count": 42,
    "female": 10.735849062499998,
    "male": 22.59791718749999
  },
  "time": {
    "count": 36,
    "female": 8.6325371875,
    "male": 24.0156734375
  },
  "complete": {
    "count": 10,
    "female": 2.5787809374999995,
    "male": 7.7363428124999984
  },
  "project": {
    "count": 10,
    "female": 3.3030371874999993,
    "male": 9.909111562499998
  },
  "future": {
    "count": 10,
    "female": 1.9,
    "male": 5.7
  },
  "payments": {
    "count": 10,
    "female": 2.5787809374999995,
    "male": 7.7363428124999984
  },
  "worker": {
    "count": 20,
    "female": 5.1487625,
    "male": 15.364836874999996
  },
  "pedestrian": {
    "count": 10,
    "female": 1.9,
    "male": 5.7
  },
  "avoid": {
    "count": 18,
    "female": 3.6147499999999995,
    "male": 9.129499999999998
  },
  "closed": {
    "count": 10,
    "female": 1.805,
    "male": 5.415
  },
  "portion": {
    "count": 10,
    "female": 2.4885309374999993,
    "male": 7.4655928125
  },
  "street": {
    "count": 10,
    "female": 3.2172996874999997,
    "male": 9.651899062499997
  },
  "repairing": {
    "count": 18,
    "female": 4.5737809375,
    "male": 11.821342812499998
  },
  "sidewalk": {
    "count": 10,
    "female": 3.3932871874999995,
    "male": 7.858518749999999
  },
  "educator": {
    "count": 20,
    "female": 6.6017874999999995,
    "male": 19.805362499999994
  },
  "meeting": {
    "count": 44,
    "female": 16.568997499999995,
    "male": 29.798745
  },
  "student": {
    "count": 46,
    "female": 16.708997812499994,
    "male": 28.17966
  },
  "discuss": {
    "count": 20,
    "female": 3.8,
    "male": 11.399999999999999
  },
  "writing": {
    "count": 10,
    "female": 1.9,
    "male": 5.7
  },
  "skills": {
    "count": 10,
    "female": 2.5787809374999995,
    "male": 7.7363428124999984
  },
  "grading": {
    "count": 10,
    "female": 1.9,
    "male": 5.7
  },
  "policy": {
    "count": 10,
    "female": 2.5787809374999995,
    "male": 10.057685624999998
  },
  "clerk": {
    "count": 20,
    "female": 7.7252871875,
    "male": 20.76878125
  },
  "paperwork": {
    "count": 36,
    "female": 11.443949374999997,
    "male": 29.120011562499997
  },
  "him": {
    "count": 20,
    "female": 1.5882871874999998,
    "male": 3.2580249999999995
  },
  "return": {
    "count": 10,
    "female": 2.6737809374999997,
    "male": 9.568904687499998
  },
  "completion": {
    "count": 10,
    "female": 2.6737809374999997,
    "male": 10.342685624999998
  },
  "counselor": {
    "count": 20,
    "female": 3.6598749999999995,
    "male": 12.694374999999997
  },
  "disclosed": {
    "count": 20,
    "female": 4.4312809374999995,
    "male": 14.922855312499998
  },
  "patient": {
    "count": 92,
    "female": 23.09359156249999,
    "male": 63.48600625000003
  },
  "professionally": {
    "count": 10,
    "female": 1.9,
    "male": 5.7
  },
  "mandated": {
    "count": 10,
    "female": 1.805,
    "male": 5.415
  },
  "report": {
    "count": 10,
    "female": 2.4885309374999993,
    "male": 7.4655928125
  },
  "issues": {
    "count": 10,
    "female": 3.2172996874999997,
    "male": 9.651899062499997
  },
  "history": {
    "count": 10,
    "female": 1.9,
    "male": 5.7
  },
  "substance": {
    "count": 10,
    "female": 2.5787809374999995,
    "male": 7.7363428124999984
  },
  "abuse": {
    "count": 10,
    "female": 3.3030371874999993,
    "male": 9.909111562499998
  },
  "homeowner": {
    "count": 28,
    "female": 8.460830624999998,
    "male": 23.669885312499996
  },
  "inspector": {
    "count": 20,
    "female": 4.4787809375,
    "male": 13.436342812499996
  },
  "house": {
    "count": 46,
    "female": 14.591204374999995,
    "male": 36.11825781249999
  },
  "purchased": {
    "count": 10,
    "female": 1.9,
    "male": 5.7
  },
  "structurally": {
    "count": 10,
    "female": 2.5787809374999995,
    "male": 10.057685624999998
  },
  "sound": {
    "count": 10,
    "female": 3.3030371874999993,
    "male": 10.031287499999998
  },
  "discovered": {
    "count": 10,
    "female": 1.9,
    "male": 5.7
  },
  "building": {
    "count": 36,
    "female": 9.681818125,
    "male": 25.245454374999994
  },
  "code": {
    "count": 26,
    "female": 7.1030371875,
    "male": 15.187768749999995
  },
  "violations": {
    "count": 10,
    "female": 3.3008937499999997,
    "male": 7.4591625
  },
  "mechanic": {
    "count": 20,
    "female": 6.520336874999999,
    "male": 17.931998124999996
  },
  "called": {
    "count": 68,
    "female": 22.62749187499999,
    "male": 49.54851468750001
  },
  "inform": {
    "count": 20,
    "female": 3.705,
    "male": 11.114999999999998
  },
  "car": {
    "count": 10,
    "female": 1.9,
    "male": 5.7
  },
  "ready": {
    "count": 10,
    "female": 1.805,
    "male": 5.415
  },
  "morning": {
    "count": 10,
    "female": 2.4885309374999993,
    "male": 7.4655928125
  },
  "speak": {
    "count": 20,
    "female": 6.786574374999999,
    "male": 20.359723124999995
  },
  "manager": {
    "count": 20,
    "female": 5.347561874999999,
    "male": 16.042685624999994
  },
  "billing": {
    "count": 20,
    "female": 5.347561874999999,
    "male": 16.042685624999994
  },
  "error": {
    "count": 20,
    "female": 6.786574374999999,
    "male": 20.359723124999995
  },
  "teenager": {
    "count": 10,
    "female": 3.3459059374999995,
    "male": 10.119168437499999
  },
  "confided": {
    "count": 20,
    "female": 6.055662187499999,
    "male": 19.714548437499996
  },
  "therapist": {
    "count": 20,
    "female": 5.3882871875,
    "male": 16.938642499999997
  },
  "trustworthy": {
    "count": 10,
    "female": 4.262068124999999,
    "male": 10.464861562499998
  },
  "seeking": {
    "count": 10,
    "female": 1.9,
    "male": 5.7
  },
  "emotional": {
    "count": 10,
    "female": 2.5787809374999995,
    "male": 7.7363428124999984
  },
  "support": {
    "count": 10,
    "female": 3.3030371874999993,
    "male": 9.909111562499998
  },
  "undergraduate": {
    "count": 18,
    "female": 6.7732624999999995,
    "male": 15.994330624999993
  },
  "administrator": {
    "count": 20,
    "female": 6.9537625,
    "male": 19.232274999999998
  },
  "petition": {
    "count": 20,
    "female": 6.976574374999999,
    "male": 21.703504062499995
  },
  "organized": {
    "count": 10,
    "female": 4.262068124999999,
    "male": 10.464861562499998
  },
  "unaware": {
    "count": 10,
    "female": 4.262068124999999,
    "male": 10.587037499999997
  },
  "salesperson": {
    "count": 20,
    "female": 5.347561874999999,
    "male": 17.671698124999995
  },
  "explain": {
    "count": 10,
    "female": 2.6737809374999997,
    "male": 8.021342812499999
  },
  "pricing": {
    "count": 10,
    "female": 3.3932871874999995,
    "male": 10.179861562499998
  },
  "product": {
    "count": 10,
    "female": 3.3866312499999993,
    "male": 10.159893749999998
  },
  "eligible": {
    "count": 10,
    "female": 2.6737809374999997,
    "male": 8.021342812499999
  },
  "additional": {
    "count": 10,
    "female": 3.3932871874999995,
    "male": 10.179861562499998
  },
  "discount": {
    "count": 10,
    "female": 3.3866312499999993,
    "male": 10.159893749999998
  },
  "visitor": {
    "count": 26,
    "female": 7.18188125,
    "male": 19.347480312499997
  },
  "receptionist": {
    "count": 20,
    "female": 7.8339493749999995,
    "male": 23.542573437499993
  },
  "sign": {
    "count": 26,
    "female": 8.960168437499998,
    "male": 21.410767499999995
  },
  "estimate": {
    "count": 26,
    "female": 8.740849062499999,
    "male": 17.101080624999994
  },
  "wait": {
    "count": 18,
    "female": 5.376881249999999,
    "male": 11.787124999999998
  },
  "librarian": {
    "count": 20,
    "female": 6.520336874999999,
    "male": 19.561010624999994
  },
  "helped": {
    "count": 20,
    "female": 6.520336874999999,
    "male": 19.561010624999994
  },
  "child": {
    "count": 44,
    "female": 10.560716562499998,
    "male": 25.1575259375
  },
  "pick": {
    "count": 20,
    "female": 4.383780937499999,
    "male": 13.151342812499998
  },
  "book": {
    "count": 20,
    "female": 3.8,
    "male": 11.399999999999999
  },
  "read": {
    "count": 10,
    "female": 1.9,
    "male": 5.7
  },
  "encourage": {
    "count": 10,
    "female": 1.9,
    "male": 5.7
  },
  "reading": {
    "count": 10,
    "female": 1.805,
    "male": 7.7363428124999984
  },
  "advisor": {
    "count": 20,
    "female": 6.614873749999998,
    "male": 19.926071874999995
  },
  "advisee": {
    "count": 10,
    "female": 1.9,
    "male": 5.7
  },
  "advice": {
    "count": 28,
    "female": 5.7,
    "male": 15.199999999999996
  },
  "job": {
    "count": 20,
    "female": 5.157561874999999,
    "male": 15.472685624999997
  },
  "applications": {
    "count": 20,
    "female": 6.6060743749999995,
    "male": 19.818223124999996
  },
  "pharmacist": {
    "count": 20,
    "female": 6.696324374999999,
    "male": 20.088973124999995
  },
  "pills": {
    "count": 20,
    "female": 5.252561875,
    "male": 15.757685624999997
  },
  "food": {
    "count": 20,
    "female": 6.696324375,
    "male": 17.7676303125
  },
  "recommended": {
    "count": 26,
    "female": 8.7635125,
    "male": 18.569649999999992
  },
  "\"": {
    "count": 144,
    "female": 27.972085000000007,
    "male": 78.47598499999995
  },
  "janitor": {
    "count": 20,
    "female": 1.5475618749999995,
    "male": 3.095123749999999
  },
  "warned": {
    "count": 60,
    "female": 12.208699374999998,
    "male": 38.255110625
  },
  "step": {
    "count": 20,
    "female": 3.2580249999999995,
    "male": 9.774074999999996
  },
  "wet": {
    "count": 20,
    "female": 3.4294999999999995,
    "male": 10.288499999999999
  },
  "floor": {
    "count": 20,
    "female": 3.61,
    "male": 10.83
  },
  ",": {
    "count": 72,
    "female": 14.915,
    "male": 37.43000000000001
  },
  "fall": {
    "count": 10,
    "female": 1.9,
    "male": 5.7
  },
  "hurt": {
    "count": 10,
    "female": 1.805,
    "male": 5.415
  },
  "mop": {
    "count": 10,
    "female": 1.9,
    "male": 5.7
  },
  "psychologist": {
    "count": 20,
    "female": 6.687525,
    "male": 19.976837499999995
  },
  "questionnaire": {
    "count": 20,
    "female": 4.5737809375,
    "male": 13.721342812499996
  },
  "preliminary": {
    "count": 10,
    "female": 1.9,
    "male": 5.7
  },
  "assessment": {
    "count": 10,
    "female": 2.5787809374999995,
    "male": 7.7363428124999984
  },
  "assessed": {
    "count": 10,
    "female": 2.6737809374999997,
    "male": 10.342685624999998
  },
  "physician": {
    "count": 20,
    "female": 6.782061874999999,
    "male": 20.513373749999996
  },
  "rest": {
    "count": 10,
    "female": 4.262068124999999,
    "male": 10.464861562499998
  },
  "safely": {
    "count": 10,
    "female": 1.9,
    "male": 5.7
  },
  "prescribe": {
    "count": 10,
    "female": 2.5787809374999995,
    "male": 7.7363428124999984
  },
  "dose": {
    "count": 10,
    "female": 3.3030371874999993,
    "male": 9.909111562499998
  },
  "carpenter": {
    "count": 20,
    "female": 6.696324374999999,
    "male": 20.007522499999997
  },
  "onlooker": {
    "count": 10,
    "female": 1.9,
    "male": 5.7
  },
  "stand": {
    "count": 18,
    "female": 3.8,
    "male": 11.047561874999998
  },
  "feet": {
    "count": 10,
    "female": 2.5787809374999995,
    "male": 7.7363428124999984
  },
  "weeks": {
    "count": 10,
    "female": 3.3932871874999995,
    "male": 10.179861562499998
  },
  "nurse": {
    "count": 20,
    "female": 6.696324374999999,
    "male": 20.170423749999994
  },
  "notified": {
    "count": 20,
    "female": 5.252561875,
    "male": 17.305247499999997
  },
  "shift": {
    "count": 10,
    "female": 2.6737809374999997,
    "male": 8.021342812499999
  },
  "hour": {
    "count": 20,
    "female": 6.696324375,
    "male": 17.7676303125
  },
  "blood": {
    "count": 10,
    "female": 1.9,
    "male": 5.7
  },
  "drawn": {
    "count": 10,
    "female": 2.5787809374999995,
    "male": 7.7363428124999984
  },
  "investigator": {
    "count": 20,
    "female": 4.724136249999999,
    "male": 14.172408749999994
  },
  "interview": {
    "count": 20,
    "female": 3.3437624999999995,
    "male": 10.031287499999998
  },
  "witness": {
    "count": 18,
    "female": 3.61475,
    "male": 8.94425
  },
  "person": {
    "count": 20,
    "female": 3.61,
    "male": 10.83
  },
  "unreachable": {
    "count": 10,
    "female": 1.9,
    "male": 5.7
  },
  "unable": {
    "count": 26,
    "female": 5.7,
    "male": 13.299999999999997
  },
  "contact": {
    "count": 10,
    "female": 1.805,
    "male": 5.415
  },
  "left": {
    "count": 20,
    "female": 6.786574374999999,
    "male": 18.812161249999996
  },
  "bartender": {
    "count": 20,
    "female": 5.347561874999999,
    "male": 16.042685624999994
  },
  "feeling": {
    "count": 10,
    "female": 2.6737809374999997,
    "male": 8.021342812499999
  },
  "generous": {
    "count": 10,
    "female": 3.3932871874999995,
    "male": 10.179861562499998
  },
  "drink": {
    "count": 10,
    "female": 2.6737809374999997,
    "male": 8.021342812499999
  },
  "strong": {
    "count": 10,
    "female": 3.3932871874999995,
    "male": 10.179861562499998
  },
  "referred": {
    "count": 20,
    "female": 4.383780937499999,
    "male": 14.698904687499997
  },
  "specialist": {
    "count": 20,
    "female": 3.8,
    "male": 11.399999999999999
  },
  "rare": {
    "count": 20,
    "female": 3.7049999999999996,
    "male": 11.114999999999998
  },
  "skin": {
    "count": 20,
    "female": 5.067311874999999,
    "male": 15.201935624999996
  },
  "condition": {
    "count": 10,
    "female": 3.3030371874999993,
    "male": 9.909111562499998
  },
  "knowledge": {
    "count": 10,
    "female": 1.9,
    "male": 5.7
  },
  "conditions": {
    "count": 10,
    "female": 3.2172996874999997,
    "male": 7.330556249999999
  },
  "electrician": {
    "count": 20,
    "female": 5.236756249999999,
    "male": 15.710268749999996
  },
  "rewiring": {
    "count": 20,
    "female": 5.891080624999999,
    "male": 17.673241874999995
  },
  "extra": {
    "count": 10,
    "female": 1.9,
    "male": 5.7
  },
  "day": {
    "count": 34,
    "female": 7.315,
    "male": 16.435
  },
  "finish": {
    "count": 10,
    "female": 1.7147499999999998,
    "male": 5.1442499999999995
  },
  "officer": {
    "count": 20,
    "female": 6.94925,
    "male": 19.133
  },
  "arrested": {
    "count": 20,
    "female": 6.963025,
    "male": 19.260062499999993
  },
  "protester": {
    "count": 10,
    "female": 3.4475618749999994,
    "male": 10.342685624999998
  },
  "duty": {
    "count": 10,
    "female": 4.262068124999999,
    "male": 10.464861562499998
  },
  "violent": {
    "count": 10,
    "female": 4.262068124999999,
    "male": 8.14351875
  },
  "pathologist": {
    "count": 16,
    "female": 6.689668437499999,
    "male": 13.379336874999995
  },
  "tissue": {
    "count": 16,
    "female": 6.689781249999999,
    "male": 13.379562499999995
  },
  "samples": {
    "count": 16,
    "female": 6.707498749999999,
    "male": 13.414997499999997
  },
  "victim": {
    "count": 16,
    "female": 3.4000618749999996,
    "male": 6.800123749999999
  },
  "microscope": {
    "count": 8,
    "female": 2.6737809374999997,
    "male": 5.347561874999999
  },
  "determine": {
    "count": 24,
    "female": 5.158024999999999,
    "male": 11.089830937499997
  },
  "death": {
    "count": 24,
    "female": 5.3294999999999995,
    "male": 12.288012499999997
  },
  "teacher": {
    "count": 16,
    "female": 6.162068124999999,
    "male": 13.912423437499996
  },
  "extension": {
    "count": 16,
    "female": 7.6553553124999985,
    "male": 12.215586874999998
  },
  "assignment": {
    "count": 16,
    "female": 6.8635125,
    "male": 12.098012499999998
  },
  "grant": {
    "count": 8,
    "female": 2.6737809374999997,
    "male": 5.347561874999999
  },
  "lawyer": {
    "count": 16,
    "female": 6.4345993749999995,
    "male": 12.828473437499994
  },
  "cross": {
    "count": 16,
    "female": 6.438886249999999,
    "male": 12.103991562499996
  },
  "-": {
    "count": 32,
    "female": 7.9082809375,
    "male": 15.816561874999996
  },
  "examined": {
    "count": 16,
    "female": 3.705,
    "male": 7.41
  },
  "broke": {
    "count": 8,
    "female": 1.9,
    "male": 3.8
  },
  "pressure": {
    "count": 8,
    "female": 1.805,
    "male": 3.61
  },
  "finished": {
    "count": 8,
    "female": 1.9,
    "male": 3.8
  },
  "questions": {
    "count": 8,
    "female": 1.805,
    "male": 5.157561874999999
  },
  "planner": {
    "count": 16,
    "female": 3.5197499999999997,
    "male": 7.854006249999999
  },
  "spoke": {
    "count": 32,
    "female": 8.0887809375,
    "male": 16.9513428125
  },
  "resident": {
    "count": 8,
    "female": 1.9,
    "male": 3.8
  },
  "entire": {
    "count": 24,
    "female": 5.2437625,
    "male": 11.261305937499998
  },
  "community": {
    "count": 8,
    "female": 1.805,
    "male": 3.61
  },
  "aiport": {
    "count": 8,
    "female": 2.4885309374999993,
    "male": 4.9770618749999995
  },
  "nearby": {
    "count": 8,
    "female": 3.2172996874999997,
    "male": 6.434599374999999
  },
  "proposal": {
    "count": 8,
    "female": 1.9,
    "male": 3.8
  },
  "build": {
    "count": 8,
    "female": 1.805,
    "male": 3.61
  },
  "airport": {
    "count": 8,
    "female": 1.7147499999999998,
    "male": 3.4294999999999995
  },
  "fierce": {
    "count": 8,
    "female": 2.3213428124999993,
    "male": 4.642685624999999
  },
  "opposition": {
    "count": 8,
    "female": 1.5882871874999998,
    "male": 3.1765743749999995
  },
  "practitioner": {
    "count": 16,
    "female": 6.8635125,
    "male": 12.912518749999997
  },
  "gravely": {
    "count": 8,
    "female": 4.262068124999999,
    "male": 6.976574374999999
  },
  "sense": {
    "count": 8,
    "female": 2.6737809374999997,
    "male": 5.347561874999999
  },
  "obligation": {
    "count": 8,
    "female": 3.3932871874999995,
    "male": 5.239012499999999
  },
  "plumber": {
    "count": 16,
    "female": 5.881818125,
    "male": 11.763636249999998
  },
  "services": {
    "count": 8,
    "female": 2.6737809374999997,
    "male": 5.347561874999999
  },
  "broken": {
    "count": 8,
    "female": 1.9,
    "male": 3.8
  },
  "pipes": {
    "count": 8,
    "female": 1.805,
    "male": 3.61
  },
  "instructor": {
    "count": 16,
    "female": 6.7732624999999995,
    "male": 13.503656249999995
  },
  "encouraged": {
    "count": 32,
    "female": 10.895318437499997,
    "male": 21.709186249999995
  },
  "attend": {
    "count": 8,
    "female": 2.6737809374999997,
    "male": 5.347561874999999
  },
  "sessions": {
    "count": 8,
    "female": 2.6737809374999997,
    "male": 5.347561874999999
  },
  "pursue": {
    "count": 8,
    "female": 2.6737809374999997,
    "male": 5.347561874999999
  },
  "dreams": {
    "count": 8,
    "female": 2.6737809374999997,
    "male": 5.347561874999999
  },
  "surgeon": {
    "count": 16,
    "female": 6.271698124999999,
    "male": 12.626990312499995
  },
  "operated": {
    "count": 16,
    "female": 3.3437624999999995,
    "male": 7.50203125
  },
  "care": {
    "count": 16,
    "female": 3.61,
    "male": 7.22
  },
  ";": {
    "count": 16,
    "female": 3.8,
    "male": 7.6000000000000005
  },
  "tumor": {
    "count": 8,
    "female": 1.9,
    "male": 3.8
  },
  "grown": {
    "count": 16,
    "female": 3.61,
    "male": 7.22
  },
  "affection": {
    "count": 8,
    "female": 1.9,
    "male": 3.8
  },
  "veterinarian": {
    "count": 16,
    "female": 5.067311874999999,
    "male": 10.908404687499997
  },
  "owner": {
    "count": 8,
    "female": 1.9,
    "male": 3.8
  },
  "cat": {
    "count": 8,
    "female": 1.9,
    "male": 3.8
  },
  "developed": {
    "count": 8,
    "female": 2.5787809374999995,
    "male": 5.157561874999999
  },
  "diabetes": {
    "count": 8,
    "female": 3.3030371874999993,
    "male": 6.6060743749999995
  },
  "admit": {
    "count": 8,
    "female": 1.9,
    "male": 3.8
  },
  "mittens": {
    "count": 8,
    "female": 1.805,
    "male": 3.61
  },
  "emergency": {
    "count": 8,
    "female": 2.4885309374999993,
    "male": 4.9770618749999995
  },
  "visit": {
    "count": 8,
    "female": 3.2172996874999997,
    "male": 4.887037499999999
  },
  "paramedic": {
    "count": 16,
    "female": 6.7732624999999995,
    "male": 12.689149999999996
  },
  "performed": {
    "count": 16,
    "female": 6.777774999999999,
    "male": 12.741043749999996
  },
  "cpr": {
    "count": 16,
    "female": 6.800123749999999,
    "male": 12.826466562499997
  },
  "passenger": {
    "count": 8,
    "female": 1.9,
    "male": 3.8
  },
  "late": {
    "count": 8,
    "female": 2.6737809374999997,
    "male": 5.347561874999999
  },
  "dead": {
    "count": 8,
    "female": 2.6737809374999997,
    "male": 5.347561874999999
  },
  "examiner": {
    "count": 16,
    "female": 1.5475618749999995,
    "male": 3.1358490624999993
  },
  "inspected": {
    "count": 16,
    "female": 0,
    "male": 0.7737809374999998
  },
  "body": {
    "count": 16,
    "female": 1.5475618749999995,
    "male": 3.095123749999999
  },
  "badly": {
    "count": 8,
    "female": 1.9,
    "male": 3.8
  },
  "mutilated": {
    "count": 8,
    "female": 1.805,
    "male": 3.61
  },
  "incompetent": {
    "count": 8,
    "female": 1.9,
    "male": 3.8
  },
  "chemist": {
    "count": 16,
    "female": 5.067311875,
    "male": 10.175349062499999
  },
  "safety": {
    "count": 8,
    "female": 1.9,
    "male": 3.8
  },
  "glasses": {
    "count": 8,
    "female": 1.805,
    "male": 3.61
  },
  "entering": {
    "count": 8,
    "female": 2.4885309374999993,
    "male": 4.9770618749999995
  },
  "laboratory": {
    "count": 16,
    "female": 6.520336875,
    "male": 11.493111874999997
  },
  "delighted": {
    "count": 8,
    "female": 1.9,
    "male": 3.8
  },
  "tour": {
    "count": 8,
    "female": 2.5787809374999995,
    "male": 5.157561874999999
  },
  "machinist": {
    "count": 16,
    "female": 3.9503553124999993,
    "male": 7.126929687499999
  },
  "laser": {
    "count": 16,
    "female": 3.9503553124999993,
    "male": 7.9007106249999985
  },
  "cutter": {
    "count": 16,
    "female": 3.3437624999999995,
    "male": 6.687525
  },
  "demonstration": {
    "count": 16,
    "female": 3.5197499999999997,
    "male": 7.039499999999999
  },
  "dangerous": {
    "count": 8,
    "female": 1.9,
    "male": 3.8
  },
  "operate": {
    "count": 8,
    "female": 1.9,
    "male": 3.8
  },
  "appraiser": {
    "count": 16,
    "female": 6.696324374999999,
    "male": 13.433374062499995
  },
  "buyer": {
    "count": 8,
    "female": 1.9,
    "male": 3.8
  },
  "paid": {
    "count": 8,
    "female": 2.6737809374999997,
    "male": 5.347561874999999
  },
  "painting": {
    "count": 16,
    "female": 5.972068124999999,
    "male": 11.944136249999998
  },
  "valued": {
    "count": 8,
    "female": 1.9,
    "male": 3.8
  },
  "dollars": {
    "count": 24,
    "female": 8.027173437499998,
    "male": 12.959223124999996
  },
  "nutritionist": {
    "count": 16,
    "female": 3.4746249999999996,
    "male": 7.7230309375
  },
  "explained": {
    "count": 16,
    "female": 4.2552934375,
    "male": 8.510586875
  },
  "cutting": {
    "count": 8,
    "female": 2.4027934374999997,
    "male": 4.8055868749999995
  },
  "sugar": {
    "count": 8,
    "female": 1.7147499999999998,
    "male": 3.4294999999999995
  },
  "effective": {
    "count": 8,
    "female": 1.805,
    "male": 3.61
  },
  "improve": {
    "count": 8,
    "female": 1.9,
    "male": 3.8
  },
  "diet": {
    "count": 24,
    "female": 6.193530937499999,
    "male": 13.934623749999998
  },
  "belief": {
    "count": 8,
    "female": 1.9,
    "male": 3.8
  },
  "exercise": {
    "count": 8,
    "female": 2.4885309374999993,
    "male": 4.9770618749999995
  },
  "equally": {
    "count": 8,
    "female": 3.2172996874999997,
    "male": 4.887037499999999
  },
  "set": {
    "count": 24,
    "female": 12.869198749999994,
    "male": 12.869198749999994
  },
  "architect": {
    "count": 24,
    "female": 7.22,
    "male": 7.22
  },
  "explore": {
    "count": 12,
    "female": 3.8,
    "male": 3.8
  },
  "career": {
    "count": 12,
    "female": 3.8,
    "male": 3.8
  },
  "options": {
    "count": 12,
    "female": 3.61,
    "male": 3.61
  },
  "view": {
    "count": 12,
    "female": 3.8,
    "male": 3.8
  },
  "blueprints": {
    "count": 12,
    "female": 3.8,
    "male": 3.8
  },
  "inspiration": {
    "count": 12,
    "female": 3.61,
    "male": 3.61
  },
  "hairdresser": {
    "count": 16,
    "female": 6.863512499999999,
    "male": 12.824524999999996
  },
  "shampoo": {
    "count": 16,
    "female": 6.881574375,
    "male": 12.948642499999997
  },
  "helpful": {
    "count": 8,
    "female": 2.6737809374999997,
    "male": 5.347561874999999
  },
  "chocolate": {
    "count": 16,
    "female": 4.977061874999999,
    "male": 10.811498749999997
  },
  "cake": {
    "count": 16,
    "female": 3.61,
    "male": 8.03450625
  },
  "baker": {
    "count": 16,
    "female": 3.8,
    "male": 8.3737809375
  },
  "carb": {
    "count": 8,
    "female": 1.805,
    "male": 3.61
  },
  "bad": {
    "count": 8,
    "female": 1.9,
    "male": 3.8
  },
  "reviews": {
    "count": 8,
    "female": 1.805,
    "male": 3.61
  },
  "online": {
    "count": 8,
    "female": 2.4885309374999993,
    "male": 4.9770618749999995
  },
  "programmer": {
    "count": 16,
    "female": 6.520336875,
    "male": 12.957079687499995
  },
  "volunteered": {
    "count": 16,
    "female": 6.520336874999999,
    "male": 12.226167499999995
  },
  "teach": {
    "count": 16,
    "female": 5.067311875,
    "male": 9.3608428125
  },
  "earn": {
    "count": 8,
    "female": 1.9,
    "male": 3.8
  },
  "karma": {
    "count": 8,
    "female": 1.805,
    "male": 3.61
  },
  "developer": {
    "count": 8,
    "female": 1.9,
    "male": 3.8
  },
  "paralegal": {
    "count": 16,
    "female": 6.438886249999999,
    "male": 12.961366562499995
  },
  "forgot": {
    "count": 16,
    "female": 4.9727749999999995,
    "male": 10.760056249999996
  },
  "file": {
    "count": 16,
    "female": 5.067311874999999,
    "male": 10.908404687499997
  },
  "fired": {
    "count": 8,
    "female": 1.9,
    "male": 3.8
  },
  "fed": {
    "count": 8,
    "female": 1.9,
    "male": 3.8
  },
  "law": {
    "count": 8,
    "female": 1.805,
    "male": 3.61
  },
  "firm": {
    "count": 8,
    "female": 1.7147499999999998,
    "male": 4.977061874999999
  },
  "hygienist": {
    "count": 16,
    "female": 3.5197499999999997,
    "male": 7.8132809375
  },
  "floss": {
    "count": 8,
    "female": 1.9,
    "male": 3.8
  },
  "gum": {
    "count": 8,
    "female": 2.4027934374999997,
    "male": 4.8055868749999995
  },
  "disease": {
    "count": 8,
    "female": 3.1358490624999993,
    "male": 6.271698124999999
  },
  "perform": {
    "count": 8,
    "female": 1.9,
    "male": 3.8
  },
  "mouth": {
    "count": 8,
    "female": 1.805,
    "male": 3.61
  },
  "ray": {
    "count": 8,
    "female": 3.2172996874999997,
    "male": 6.434599374999999
  },
  "applied": {
    "count": 16,
    "female": 6.786574374999999,
    "male": 12.799367812499996
  },
  "scientist": {
    "count": 16,
    "female": 5.347561874999999,
    "male": 10.695123749999997
  },
  "lab": {
    "count": 16,
    "female": 6.067068125,
    "male": 10.586574374999998
  },
  "assistant": {
    "count": 8,
    "female": 3.3932871874999995,
    "male": 6.786574374999999
  },
  "experience": {
    "count": 8,
    "female": 2.6737809374999997,
    "male": 5.347561874999999
  },
  "bystander": {
    "count": 8,
    "female": 3.178717812499999,
    "male": 6.398160937499999
  },
  "911": {
    "count": 16,
    "female": 5.0177871875,
    "male": 10.035574375
  },
  "dispatcher": {
    "count": 16,
    "female": 3.8,
    "male": 7.6000000000000005
  },
  "sending": {
    "count": 8,
    "female": 1.9,
    "male": 3.8
  },
  "safe": {
    "count": 8,
    "female": 1.805,
    "male": 3.61
  },
  "location": {
    "count": 8,
    "female": 1.7147499999999998,
    "male": 4.977061874999999
  },
  "cashier": {
    "count": 16,
    "female": 3.5197499999999997,
    "male": 7.8132809375
  },
  "n't": {
    "count": 16,
    "female": 3.8,
    "male": 7.6000000000000005
  },
  "credit": {
    "count": 16,
    "female": 3.5197499999999997,
    "male": 7.0395
  },
  "card": {
    "count": 8,
    "female": 1.7147499999999998,
    "male": 3.4294999999999995
  },
  "purchase": {
    "count": 8,
    "female": 2.4027934374999997,
    "male": 4.8055868749999995
  },
  "accept": {
    "count": 8,
    "female": 1.805,
    "male": 3.61
  },
  "cards": {
    "count": 8,
    "female": 1.6290124999999998,
    "male": 3.2580249999999995
  },
  "purchases": {
    "count": 8,
    "female": 2.3213428124999993,
    "male": 4.642685624999999
  },
  "auditor": {
    "count": 16,
    "female": 6.687524999999999,
    "male": 12.560543749999995
  },
  "provide": {
    "count": 16,
    "female": 5.972068124999999,
    "male": 11.944136249999998
  },
  "records": {
    "count": 16,
    "female": 4.5737809375,
    "male": 9.147561875
  },
  "scrutinize": {
    "count": 8,
    "female": 2.6737809374999997,
    "male": 5.347561874999999
  },
  "financial": {
    "count": 8,
    "female": 1.9,
    "male": 3.8
  },
  "transactions": {
    "count": 8,
    "female": 2.5787809374999995,
    "male": 5.157561874999999
  },
  "dietitian": {
    "count": 16,
    "female": 3.5197499999999997,
    "male": 6.996631249999999
  },
  "eat": {
    "count": 24,
    "female": 7.438642499999999,
    "male": 14.877284999999995
  },
  "square": {
    "count": 16,
    "female": 4.117543437499999,
    "male": 8.235086874999999
  },
  "meals": {
    "count": 16,
    "female": 3.5197499999999997,
    "male": 7.039499999999999
  },
  "painter": {
    "count": 16,
    "female": 4.724136249999999,
    "male": 9.5318665625
  },
  "sold": {
    "count": 16,
    "female": 4.724136249999999,
    "male": 10.262778749999997
  },
  "collection": {
    "count": 16,
    "female": 3.5197499999999997,
    "male": 7.039499999999999
  },
  "paintings": {
    "count": 16,
    "female": 3.705,
    "male": 7.41
  },
  "shut": {
    "count": 8,
    "female": 1.9,
    "male": 3.8
  },
  "gallery": {
    "count": 8,
    "female": 1.805,
    "male": 3.61
  },
  "offer": {
    "count": 8,
    "female": 1.9,
    "male": 3.8
  },
  "hard": {
    "count": 8,
    "female": 1.805,
    "male": 3.61
  },
  "refuse": {
    "count": 8,
    "female": 1.7147499999999998,
    "male": 4.977061874999999
  },
  "broker": {
    "count": 16,
    "female": 6.696324374999999,
    "male": 13.392648749999996
  },
  "stocks": {
    "count": 8,
    "female": 2.6737809374999997,
    "male": 5.347561874999999
  },
  "recommend": {
    "count": 8,
    "female": 3.3932871874999995,
    "male": 6.786574374999999
  },
  "requested": {
    "count": 8,
    "female": 1.9,
    "male": 3.8
  },
  "phone": {
    "count": 8,
    "female": 2.5787809374999995,
    "male": 5.157561874999999
  },
  "consultation": {
    "count": 8,
    "female": 3.3030371874999993,
    "male": 5.058512499999999
  },
  "chef": {
    "count": 16,
    "female": 6.687524999999999,
    "male": 13.334324687499993
  },
  "apologize": {
    "count": 16,
    "female": 6.696324374999999,
    "male": 12.618867812499996
  },
  "guest": {
    "count": 24,
    "female": 7.7363428124999984,
    "male": 15.472685624999997
  },
  "unhappy": {
    "count": 16,
    "female": 4.5737809375,
    "male": 9.147561875
  },
  "dinner": {
    "count": 8,
    "female": 2.6737809374999997,
    "male": 5.347561874999999
  },
  "doctor": {
    "count": 16,
    "female": 6.777774999999999,
    "male": 13.555549999999995
  },
  "risk": {
    "count": 8,
    "female": 2.6737809374999997,
    "male": 5.347561874999999
  },
  "vaccination": {
    "count": 8,
    "female": 3.3932871874999995,
    "male": 6.786574374999999
  },
  "vacation": {
    "count": 8,
    "female": 2.6737809374999997,
    "male": 5.347561874999999
  },
  "week": {
    "count": 8,
    "female": 3.3932871874999995,
    "male": 5.239012499999999
  },
  "firefighter": {
    "count": 16,
    "female": 6.6060743749999995,
    "male": 13.169279999999995
  },
  "rescue": {
    "count": 16,
    "female": 6.6017874999999995,
    "male": 13.162849687499994
  },
  "burning": {
    "count": 16,
    "female": 5.157561874999999,
    "male": 10.315123749999998
  },
  "escape": {
    "count": 8,
    "female": 1.9,
    "male": 3.8
  },
  "secretary": {
    "count": 16,
    "female": 6.614873749999998,
    "male": 13.313341562499996
  },
  "update": {
    "count": 8,
    "female": 1.9,
    "male": 3.8
  },
  "log": {
    "count": 8,
    "female": 3.3030371874999993,
    "male": 6.6060743749999995
  },
  "issued": {
    "count": 8,
    "female": 1.9,
    "male": 3.8
  },
  "badge": {
    "count": 8,
    "female": 3.3030371874999993,
    "male": 6.6060743749999995
  }
}